
==============================================================================
CLAIM 1 (Theorem 1): Fisher info FI converges (decreasing with T)
==============================================================================
  Fisher info vs T [200, 800, 3200]: [7.147, 3.435, 2.022]
  -> PASS

==============================================================================
CLAIM 2: variance-reduced ZO estimator produces lower-variance gradients
==============================================================================
  std var=1.1272, VR var=0.7530
  -> PASS

==============================================================================
CLAIM 3 (Theorem 3): convergence extends to non-log-concave (mixture) target
==============================================================================
  mixture target Fisher info: 8.8038 (bounded < 20)
  -> PASS

==============================================================================
CLAIM 4: ZO sampling produces valid reconstruction (synthetic proxy for FastMRI)
==============================================================================
  reconstruction MSE: 0.2685 (< 1.0)
  (Paper: FastMRI 35.29 dB PSNR; synthetic denoising proxy.)
  -> PASS

==============================================================================
CLAIM 5: ZO sampling works on imaging inverse problem (synthetic proxy)
==============================================================================
  image reconstruction MSE: 0.0408 (< 0.5)
  (Paper: black-hole imaging 26.71 dB; synthetic proxy.)
  -> PASS

==============================================================================
CLAIM 6: O(1) per-iteration batch complexity — fixed pb=10, different (p,b)
==============================================================================
  (p=0.1, b=100, pb=10.0): FI=1.2505
  (p=0.5, b=20, pb=10.0): FI=0.8130
  (p=1.0, b=10, pb=10.0): FI=1.4598
  FI spread: 1.796 (< 2.0 — O(1) batch complexity)
  -> PASS

==============================================================================
VERDICT SUMMARY
==============================================================================
  [PASS] c1_fisher_conv
  [PASS] c2_vr_estimator
  [PASS] c3_sgm_prior
  [PASS] c4_fastmri_proxy
  [PASS] c5_blackhole_proxy
  [PASS] c6_batch_complexity

  6/6 claims verified.
  wrote outputs/verdict.json
